src/actions/assignment-action.ts(28,7): error TS2554: Expected 2 arguments, but got 1.
